This is SBCL 1.3.11, an implementation of ANSI Common Lisp.
More information about SBCL is available at <http://www.sbcl.org/>.

SBCL is free software, provided as is, with absolutely no warranty.
It is mostly in the public domain; some portions are provided under
BSD-style licenses.  See the CREDITS and COPYING files in the
distribution for more information.
$ /bin/sh -c which svn
which: no svn in (/usr/local/bin:/usr/bin:/bin:/opt/bin:/usr/i486-pc-linux-gnu/gcc-bin/4.9.4)
* 